Input: Array
(
    [N] => 34
    [P] => 34
    [K] => 34
    [ph] => 34
    [city] => Balayan
)

Payload to Python: {"N":34,"P":34,"K":34,"ph":34,"city":"Balayan"}
Python stdout: 
Python stderr: Fatal Python error: _Py_HashRandomization_Init: failed to get random numbers to initialize Python
Python runtime state: preinitialized


Return code: 1
Input: Array
(
    [N] => 23
    [P] => 23
    [K] => 23
    [ph] => 23
    [city] => Balayan
)

Payload to Python: {"N":23,"P":23,"K":23,"ph":23,"city":"Balayan"}
Failed to start Python process
Input: Array
(
    [N] => 23
    [P] => 23
    [K] => 23
    [ph] => 23
    [city] => Balayan
)

Payload to Python: {"N":23,"P":23,"K":23,"ph":23,"city":"Balayan"}
Python stdout: 
Python stderr: Traceback (most recent call last):
  File "C:\xampp\htdocs\Agrilink\backend\api\analytics/smart_care_engine.py", line 2, in <module>
    import requests
ModuleNotFoundError: No module named 'requests'

Return code: 1
Input: Array
(
    [N] => 34
    [P] => 34
    [K] => 34
    [ph] => 34
    [city] => Balayan
)

Payload to Python: {"N":34,"P":34,"K":34,"ph":34,"city":"Balayan"}
Python stdout: 
Python stderr: Traceback (most recent call last):
  File "C:\xampp\htdocs\Agrilink\backend\api\analytics/smart_care_engine.py", line 2, in <module>
    import requests
ModuleNotFoundError: No module named 'requests'

Return code: 1
Input: Array
(
    [N] => 12
    [P] => 12
    [K] => 12
    [ph] => 12
    [city] => Balayan
)

Payload to Python: {"N":12,"P":12,"K":12,"ph":12,"city":"Balayan"}
Python stdout: 
Python stderr: Traceback (most recent call last):
  File "C:\xampp\htdocs\Agrilink\backend\api\analytics/smart_care_engine.py", line 6, in <module>
    from smart_care_model import CropPredictor
  File "C:\xampp\htdocs\Agrilink\backend\api\analytics\smart_care_model.py", line 4, in <module>
    import numpy as np
ModuleNotFoundError: No module named 'numpy'

Return code: 1
Input: Array
(
    [N] => 90
    [P] => 40
    [K] => 45
    [ph] => 6.5
    [city] => Balayan
)

Payload to Python: {"N":90,"P":40,"K":45,"ph":6.5,"city":"Balayan"}
Python stdout: 
Python stderr: Traceback (most recent call last):
  File "C:\xampp\htdocs\Agrilink\backend\api\analytics/smart_care_engine.py", line 6, in <module>
    from smart_care_model import CropPredictor
  File "C:\xampp\htdocs\Agrilink\backend\api\analytics\smart_care_model.py", line 5, in <module>
    import joblib
  File "C:\Users\Admin\AppData\Local\Python\pythoncore-3.14-64\Lib\site-packages\joblib\__init__.py", line 120, in <module>
    from .memory import MemorizedResult, Memory, expires_after, register_store_backend
  File "C:\Users\Admin\AppData\Local\Python\pythoncore-3.14-64\Lib\site-packages\joblib\memory.py", line 11, in <module>
    import asyncio
  File "C:\Users\Admin\AppData\Local\Python\pythoncore-3.14-64\Lib\asyncio\__init__.py", line 45, in <module>
    from .windows_events import *
  File "C:\Users\Admin\AppData\Local\Python\pythoncore-3.14-64\Lib\asyncio\windows_events.py", line 8, in <module>
    import _overlapped
OSError: [WinError 10106] The requested service provider could not be loaded or initialized

Return code: 1
Input: Array
(
    [N] => 12
    [P] => 12
    [K] => 12
    [ph] => 12
    [city] => Balayan
)

Payload to Python: {"N":12,"P":12,"K":12,"ph":12,"city":"Balayan"}
Python stdout: 
Python stderr: Traceback (most recent call last):
  File "C:\xampp\htdocs\Agrilink\backend\api\analytics/smart_care_engine.py", line 6, in <module>
    from smart_care_model import CropPredictor
  File "C:\xampp\htdocs\Agrilink\backend\api\analytics\smart_care_model.py", line 5, in <module>
    import joblib
  File "C:\Users\Admin\AppData\Local\Python\pythoncore-3.14-64\Lib\site-packages\joblib\__init__.py", line 120, in <module>
    from .memory import MemorizedResult, Memory, expires_after, register_store_backend
  File "C:\Users\Admin\AppData\Local\Python\pythoncore-3.14-64\Lib\site-packages\joblib\memory.py", line 11, in <module>
    import asyncio
  File "C:\Users\Admin\AppData\Local\Python\pythoncore-3.14-64\Lib\asyncio\__init__.py", line 45, in <module>
    from .windows_events import *
  File "C:\Users\Admin\AppData\Local\Python\pythoncore-3.14-64\Lib\asyncio\windows_events.py", line 8, in <module>
    import _overlapped
OSError: [WinError 10106] The requested service provider could not be loaded or initialized

Return code: 1
Input: Array
(
    [N] => 90
    [P] => 40
    [K] => 45
    [ph] => 6.5
    [city] => Balayan
)

Payload to Python: {"N":90,"P":40,"K":45,"ph":6.5,"city":"Balayan"}
Failed to start Python process
Input: Array
(
    [N] => 23
    [P] => 243
    [K] => 24
    [ph] => 234
    [city] => Balayan
)

Payload to Python: {"N":23,"P":243,"K":24,"ph":234,"city":"Balayan"}
Python stdout: 
Python stderr: Traceback (most recent call last):
  File "C:\xampp\htdocs\Agrilink\backend\api\analytics/smart_care_engine.py", line 6, in <module>
    from smart_care_model import CropPredictor
  File "C:\xampp\htdocs\Agrilink\backend\api\analytics\smart_care_model.py", line 5, in <module>
    import joblib
  File "C:\Users\Admin\AppData\Local\Programs\Python\Python311\Lib\site-packages\joblib\__init__.py", line 120, in <module>
    from .memory import MemorizedResult, Memory, expires_after, register_store_backend
  File "C:\Users\Admin\AppData\Local\Programs\Python\Python311\Lib\site-packages\joblib\memory.py", line 11, in <module>
    import asyncio
  File "C:\Users\Admin\AppData\Local\Programs\Python\Python311\Lib\asyncio\__init__.py", line 42, in <module>
    from .windows_events import *
  File "C:\Users\Admin\AppData\Local\Programs\Python\Python311\Lib\asyncio\windows_events.py", line 8, in <module>
    import _overlapped
OSError: [WinError 10106] The requested service provider could not be loaded or initialized

Return code: 1
=== INPUT ===
Array
(
    [N] => 34
    [P] => 34
    [K] => 34
    [ph] => 34
    [city] => Balayan
)

=== PAYLOAD TO PYTHON ===
{"N":34,"P":34,"K":34,"ph":34,"city":"Balayan"}
=== PYTHON OUTPUT ===
STDOUT:

STDERR:
Traceback (most recent call last):
  File "C:\xampp\htdocs\Agrilink\backend\api\analytics\smart_care_engine.py", line 6, in <module>
    from smart_care_model import CropPredictor
  File "C:\xampp\htdocs\Agrilink\backend\api\analytics\smart_care_model.py", line 5, in <module>
    import joblib
  File "C:\Users\Admin\AppData\Local\Programs\Python\Python311\Lib\site-packages\joblib\__init__.py", line 120, in <module>
    from .memory import MemorizedResult, Memory, expires_after, register_store_backend
  File "C:\Users\Admin\AppData\Local\Programs\Python\Python311\Lib\site-packages\joblib\memory.py", line 11, in <module>
    import asyncio
  File "C:\Users\Admin\AppData\Local\Programs\Python\Python311\Lib\asyncio\__init__.py", line 42, in <module>
    from .windows_events import *
  File "C:\Users\Admin\AppData\Local\Programs\Python\Python311\Lib\asyncio\windows_events.py", line 8, in <module>
    import _overlapped
OSError: [WinError 10106] The requested service provider could not be loaded or initialized

Return code: 1
Input: Array
(
    [N] => 12
    [P] => 12
    [K] => 12
    [ph] => 12
    [city] => Balayan
)

Payload to Python: {"N":12,"P":12,"K":12,"ph":12,"city":"Balayan"}
Python stdout: 
Python stderr: Traceback (most recent call last):
  File "C:\xampp\htdocs\Agrilink\backend\api\analytics/smart_care_engine.py", line 6, in <module>
    from smart_care_model import CropPredictor
  File "C:\xampp\htdocs\Agrilink\backend\api\analytics\smart_care_model.py", line 5, in <module>
    import joblib
  File "C:\Users\Admin\AppData\Local\Programs\Python\Python311\Lib\site-packages\joblib\__init__.py", line 120, in <module>
    from .memory import MemorizedResult, Memory, expires_after, register_store_backend
  File "C:\Users\Admin\AppData\Local\Programs\Python\Python311\Lib\site-packages\joblib\memory.py", line 11, in <module>
    import asyncio
  File "C:\Users\Admin\AppData\Local\Programs\Python\Python311\Lib\asyncio\__init__.py", line 42, in <module>
    from .windows_events import *
  File "C:\Users\Admin\AppData\Local\Programs\Python\Python311\Lib\asyncio\windows_events.py", line 8, in <module>
    import _overlapped
OSError: [WinError 10106] The requested service provider could not be loaded or initialized

Return code: 1
[2025-11-02 14:56:58] Input: Array
(
    [N] => 23
    [P] => 23
    [K] => 23
    [ph] => 23
    [city] => Balayan
)

[2025-11-02 14:56:58] Payload to Python: {"N":23,"P":23,"K":23,"ph":23,"city":"Balayan"}
[2025-11-02 14:57:00] Python stdout: 
Python stderr: Traceback (most recent call last):
  File "C:\xampp\htdocs\Agrilink\backend\api\analytics\smart_care_engine.py", line 6, in <module>
    from smart_care_model import CropPredictor
  File "C:\xampp\htdocs\Agrilink\backend\api\analytics\smart_care_model.py", line 5, in <module>
    import joblib
  File "C:\Users\Admin\AppData\Local\Programs\Python\Python311\Lib\site-packages\joblib\__init__.py", line 120, in <module>
    from .memory import MemorizedResult, Memory, expires_after, register_store_backend
  File "C:\Users\Admin\AppData\Local\Programs\Python\Python311\Lib\site-packages\joblib\memory.py", line 11, in <module>
    import asyncio
  File "C:\Users\Admin\AppData\Local\Programs\Python\Python311\Lib\asyncio\__init__.py", line 42, in <module>
    from .windows_events import *
  File "C:\Users\Admin\AppData\Local\Programs\Python\Python311\Lib\asyncio\windows_events.py", line 8, in <module>
    import _overlapped
OSError: [WinError 10106] The requested service provider could not be loaded or initialized

Return code: 1
[2025-11-02 15:01:33] Input: Array
(
    [N] => 32
    [P] => 32
    [K] => 32
    [ph] => 23
    [city] => Balayan
)

[2025-11-02 15:01:33] Payload to Python: {"N":32,"P":32,"K":32,"ph":23,"city":"Balayan"}
[2025-11-02 15:01:34] Python stdout: 
Python stderr: Traceback (most recent call last):
  File "C:\xampp\htdocs\Agrilink\backend\api\analytics\smart_care_engine.py", line 6, in <module>
    from smart_care_model import CropPredictor
  File "C:\xampp\htdocs\Agrilink\backend\api\analytics\smart_care_model.py", line 5, in <module>
    import joblib
  File "C:\Users\Admin\AppData\Local\Programs\Python\Python311\Lib\site-packages\joblib\__init__.py", line 120, in <module>
    from .memory import MemorizedResult, Memory, expires_after, register_store_backend
  File "C:\Users\Admin\AppData\Local\Programs\Python\Python311\Lib\site-packages\joblib\memory.py", line 11, in <module>
    import asyncio
  File "C:\Users\Admin\AppData\Local\Programs\Python\Python311\Lib\asyncio\__init__.py", line 42, in <module>
    from .windows_events import *
  File "C:\Users\Admin\AppData\Local\Programs\Python\Python311\Lib\asyncio\windows_events.py", line 8, in <module>
    import _overlapped
OSError: [WinError 10106] The requested service provider could not be loaded or initialized

Return code: 1
[2025-11-02 15:01:38] Input: Array
(
    [N] => 32
    [P] => 32
    [K] => 32
    [ph] => 23
    [city] => Balayan
)

[2025-11-02 15:01:38] Payload to Python: {"N":32,"P":32,"K":32,"ph":23,"city":"Balayan"}
[2025-11-02 15:01:38] Python stdout: 
Python stderr: Traceback (most recent call last):
  File "C:\xampp\htdocs\Agrilink\backend\api\analytics\smart_care_engine.py", line 6, in <module>
    from smart_care_model import CropPredictor
  File "C:\xampp\htdocs\Agrilink\backend\api\analytics\smart_care_model.py", line 5, in <module>
    import joblib
  File "C:\Users\Admin\AppData\Local\Programs\Python\Python311\Lib\site-packages\joblib\__init__.py", line 120, in <module>
    from .memory import MemorizedResult, Memory, expires_after, register_store_backend
  File "C:\Users\Admin\AppData\Local\Programs\Python\Python311\Lib\site-packages\joblib\memory.py", line 11, in <module>
    import asyncio
  File "C:\Users\Admin\AppData\Local\Programs\Python\Python311\Lib\asyncio\__init__.py", line 42, in <module>
    from .windows_events import *
  File "C:\Users\Admin\AppData\Local\Programs\Python\Python311\Lib\asyncio\windows_events.py", line 8, in <module>
    import _overlapped
OSError: [WinError 10106] The requested service provider could not be loaded or initialized

Return code: 1
[2025-11-02 15:16:49] Input: Array
(
    [N] => 70
    [P] => 70
    [K] => 70
    [ph] => 70
    [city] => Balayan
)

[2025-11-02 15:16:49] Payload to Python: {"N":70,"P":70,"K":70,"ph":70,"city":"Balayan"}
[2025-11-02 15:16:53] Python stdout: 
Python stderr: Traceback (most recent call last):
  File "C:\xampp\htdocs\Agrilink\backend\api\analytics/smart_care_engine.py", line 6, in <module>
    from smart_care_model import CropPredictor
  File "C:\xampp\htdocs\Agrilink\backend\api\analytics\smart_care_model.py", line 5, in <module>
    import joblib
  File "C:\Users\Admin\AppData\Local\Programs\Python\Python311\Lib\site-packages\joblib\__init__.py", line 120, in <module>
    from .memory import MemorizedResult, Memory, expires_after, register_store_backend
  File "C:\Users\Admin\AppData\Local\Programs\Python\Python311\Lib\site-packages\joblib\memory.py", line 11, in <module>
    import asyncio
  File "C:\Users\Admin\AppData\Local\Programs\Python\Python311\Lib\asyncio\__init__.py", line 42, in <module>
    from .windows_events import *
  File "C:\Users\Admin\AppData\Local\Programs\Python\Python311\Lib\asyncio\windows_events.py", line 8, in <module>
    import _overlapped
OSError: [WinError 10106] The requested service provider could not be loaded or initialized

Return code: 1
[2025-11-02 15:17:06] Input: Array
(
)
  
[2025-11-02 16:37:50] Input: Array
(
    [N] => 34
    [P] => 34
    [K] => 34
    [ph] => 34
    [city] => Balayan
)

[2025-11-02 16:37:50] Payload to Python: {"N":34,"P":34,"K":34,"ph":34,"city":"Balayan"}
[2025-11-02 16:37:50] Failed to start Python process
[2025-11-02 16:46:16] Input: Array
(
    [N] => 12
    [P] => 12
    [K] => 12
    [ph] => 12
    [city] => Balayan
)

[2025-11-02 16:46:16] Payload to Python: {"N":12,"P":12,"K":12,"ph":12,"city":"Balayan"}
[2025-11-02 16:46:17] Python stdout: 
Python stderr: Traceback (most recent call last):
  File "C:\xampp\htdocs\Agrilink\backend\api\analytics/smart_care_engine.py", line 2, in <module>
    import requests
ModuleNotFoundError: No module named 'requests'

Return code: 1
[2025-11-02 16:55:31] Input: Array
(
    [N] => 11
    [P] => 11
    [K] => 11
    [ph] => 11
    [city] => Balayan
)

[2025-11-02 16:55:31] Payload to Python: {"N":11,"P":11,"K":11,"ph":11,"city":"Balayan"}
[2025-11-02 16:55:32] Python stdout: 
Python stderr: Traceback (most recent call last):
  File "C:\xampp\htdocs\Agrilink\backend\api\analytics/smart_care_engine.py", line 2, in <module>
    import requests
ModuleNotFoundError: No module named 'requests'

Return code: 1
  [2025-11-02 16:59:07] Input: Array
(
    [N] => 33
    [P] => 33
    [K] => 33
    [ph] => 33
    [city] => Balayan
)

[2025-11-02 16:59:07] Payload to Python: {"N":33,"P":33,"K":33,"ph":33,"city":"Balayan"}
[2025-11-02 16:59:08] Python stdout: 
Python stderr: Traceback (most recent call last):
  File "C:\xampp\htdocs\Agrilink\backend\api\analytics/smart_care_engine.py", line 2, in <module>
    import requests
ModuleNotFoundError: No module named 'requests'

Return code: 1
[2025-11-02 17:22:54] Input received: Array
(
    [N] => 90
    [P] => 40
    [K] => 45
    [ph] => 6.7
    [city] => Balayan
)

[2025-11-02 17:22:54] Payload to Python: {"N":90,"P":40,"K":45,"ph":6.7,"city":"Balayan"}
[2025-11-02 17:22:54] Python stdout: 
[2025-11-02 17:22:54] Python stderr: Traceback (most recent call last):
  File "C:\xampp\htdocs\Agrilink\backend\api\analytics/smart_care_engine.py", line 2, in <module>
    import requests
ModuleNotFoundError: No module named 'requests'

[2025-11-02 17:22:54] Python return code: 1
[2025-11-02 17:27:29] Input received: Array
(
    [N] => 34
    [P] => 34
    [K] => 34
    [ph] => 2
    [city] => Balayan
)

[2025-11-02 17:27:29] Payload to Python: {"N":34,"P":34,"K":34,"ph":2,"city":"Balayan"}
[2025-11-02 17:27:29] Python stdout: 
[2025-11-02 17:27:29] Python stderr: Traceback (most recent call last):
  File "C:\xampp\htdocs\Agrilink\backend\api\analytics/smart_care_engine.py", line 2, in <module>
    import requests
ModuleNotFoundError: No module named 'requests'

[2025-11-02 17:27:29] Python return code: 1
[2025-11-02 17:35:48] Input received: Array
(
    [N] => 90
    [P] => 40
    [K] => 45
    [ph] => 6.5
    [city] => Balayan
)

[2025-11-02 17:35:48] Payload to Python: {"N":90,"P":40,"K":45,"ph":6.5,"city":"Balayan"}
[2025-11-02 17:35:49] Python stdout: 
[2025-11-02 17:35:49] Python stderr: Traceback (most recent call last):
  File "C:\xampp\htdocs\Agrilink\backend\api\analytics/smart_care_engine.py", line 2, in <module>
    import requests
  File "C:\Program Files\Python311\Lib\site-packages\requests\__init__.py", line 43, in <module>
    import urllib3
ModuleNotFoundError: No module named 'urllib3'

[2025-11-02 17:35:49] Python return code: 1
[2025-11-02 17:38:02] Input received: Array
(
    [N] => 80
    [P] => 50
    [K] => 45
    [ph] => 7
    [city] => Balayan
)

[2025-11-02 17:38:02] Payload to Python: {"N":80,"P":50,"K":45,"ph":7,"city":"Balayan"}
[2025-11-02 17:38:05] Python stdout: 
[2025-11-02 17:38:05] Python stderr: C:\Program Files\Python311\Lib\site-packages\requests\__init__.py:86: RequestsDependencyWarning: Unable to find acceptable character detection dependency (chardet or charset_normalizer).
  warnings.warn(
Traceback (most recent call last):
  File "C:\xampp\htdocs\Agrilink\backend\api\analytics/smart_care_engine.py", line 6, in <module>
    from smart_care_model import CropPredictor
  File "C:\xampp\htdocs\Agrilink\backend\api\analytics\smart_care_model.py", line 5, in <module>
    import joblib
  File "C:\Program Files\Python311\Lib\site-packages\joblib\__init__.py", line 120, in <module>
    from .memory import MemorizedResult, Memory, expires_after, register_store_backend
  File "C:\Program Files\Python311\Lib\site-packages\joblib\memory.py", line 11, in <module>
    import asyncio
  File "C:\Program Files\Python311\Lib\asyncio\__init__.py", line 42, in <module>
    from .windows_events import *
  File "C:\Program Files\Python311\Lib\asyncio\windows_events.py", line 8, in <module>
    import _overlapped
OSError: [WinError 10106] The requested service provider could not be loaded or initialized

[2025-11-02 17:38:05] Python return code: 1
[2025-11-02 17:50:47] Input received: Array
(
)

[2025-11-02 17:50:47] Missing parameter: N
[2025-11-02 17:50:49] Input received: Array
(
)

[2025-11-02 17:50:49] Missing parameter: N
[2025-11-02 17:50:50] Input received: Array
(
)

[2025-11-02 17:50:50] Missing parameter: N
[2025-11-02 17:50:50] Input received: Array
(
)

[2025-11-02 17:50:50] Missing parameter: N
[2025-11-02 17:50:50] Input received: Array
(
)

[2025-11-02 17:50:50] Missing parameter: N
[2025-11-02 17:50:50] Input received: Array
(
)

[2025-11-02 17:50:50] Missing parameter: N
[2025-11-02 17:50:50] Input received: Array
(
)

[2025-11-02 17:50:50] Missing parameter: N
[2025-11-02 17:51:13] Input received: Array
(
    [N] => 22
    [P] => 22
    [K] => 22
    [ph] => 22
    [city] => Balayan
)

[2025-11-02 17:51:13] Payload to Python: {"N":22,"P":22,"K":22,"ph":22,"city":"Balayan"}
[2025-11-02 17:51:14] Python stdout: 
[2025-11-02 17:51:14] Python stderr: Traceback (most recent call last):
  File "C:\xampp\htdocs\Agrilink\backend\api\analytics/smart_care_engine.py", line 6, in <module>
    from smart_care_model import CropPredictor
  File "C:\xampp\htdocs\Agrilink\backend\api\analytics\smart_care_model.py", line 5, in <module>
    import joblib
  File "C:\xampp\htdocs\Agrilink\backend\api\analytics\venv\Lib\site-packages\joblib\__init__.py", line 120, in <module>
    from .memory import MemorizedResult, Memory, expires_after, register_store_backend
  File "C:\xampp\htdocs\Agrilink\backend\api\analytics\venv\Lib\site-packages\joblib\memory.py", line 11, in <module>
    import asyncio
  File "C:\Program Files\Python311\Lib\asyncio\__init__.py", line 42, in <module>
    from .windows_events import *
  File "C:\Program Files\Python311\Lib\asyncio\windows_events.py", line 8, in <module>
    import _overlapped
OSError: [WinError 10106] The requested service provider could not be loaded or initialized

[2025-11-02 17:51:14] Python return code: 1
[2025-11-03 06:19:44] Input received: Array
(
    [N] => 13
    [P] => 13
    [K] => 13
    [ph] => 13
    [city] => Balayan
)

[2025-11-03 06:19:44] Payload to Python: {"N":13,"P":13,"K":13,"ph":13,"city":"Balayan"}
[2025-11-03 06:19:47] Python stdout: 
[2025-11-03 06:19:47] Python stderr: Traceback (most recent call last):
  File "C:\xampp\htdocs\Agrilink\backend\api\analytics/smart_care_engine.py", line 6, in <module>
    from smart_care_model import CropPredictor
  File "C:\xampp\htdocs\Agrilink\backend\api\analytics\smart_care_model.py", line 5, in <module>
    import joblib
  File "C:\xampp\htdocs\Agrilink\backend\api\analytics\venv\Lib\site-packages\joblib\__init__.py", line 120, in <module>
    from .memory import MemorizedResult, Memory, expires_after, register_store_backend
  File "C:\xampp\htdocs\Agrilink\backend\api\analytics\venv\Lib\site-packages\joblib\memory.py", line 11, in <module>
    import asyncio
  File "C:\Program Files\Python311\Lib\asyncio\__init__.py", line 42, in <module>
    from .windows_events import *
  File "C:\Program Files\Python311\Lib\asyncio\windows_events.py", line 8, in <module>
    import _overlapped
OSError: [WinError 10106] The requested service provider could not be loaded or initialized

[2025-11-03 06:19:47] Python return code: 1
[2025-11-03 06:21:17] Input received: Array
(
    [N] => 34
    [P] => 34
    [K] => 34
    [ph] => 34
    [city] => Balayan
)

[2025-11-03 06:21:17] Payload to Python: {"N":34,"P":34,"K":34,"ph":34,"city":"Balayan"}
[2025-11-03 06:21:19] Python stdout: 
[2025-11-03 06:21:19] Python stderr: Traceback (most recent call last):
  File "C:\xampp\htdocs\Agrilink\backend\api\analytics/smart_care_engine.py", line 6, in <module>
    from smart_care_model import CropPredictor
  File "C:\xampp\htdocs\Agrilink\backend\api\analytics\smart_care_model.py", line 5, in <module>
    import joblib
  File "C:\xampp\htdocs\Agrilink\backend\api\analytics\venv\Lib\site-packages\joblib\__init__.py", line 120, in <module>
    from .memory import MemorizedResult, Memory, expires_after, register_store_backend
  File "C:\xampp\htdocs\Agrilink\backend\api\analytics\venv\Lib\site-packages\joblib\memory.py", line 11, in <module>
    import asyncio
  File "C:\Program Files\Python311\Lib\asyncio\__init__.py", line 42, in <module>
    from .windows_events import *
  File "C:\Program Files\Python311\Lib\asyncio\windows_events.py", line 8, in <module>
    import _overlapped
OSError: [WinError 10106] The requested service provider could not be loaded or initialized

[2025-11-03 06:21:19] Python return code: 1
[2025-11-03 06:24:41] Input received: Array
(
    [N] => 90
    [P] => 40
    [K] => 45
    [ph] => 6.7
    [city] => Balayan
)

  [2025-11-03 06:24:41] Payload to Python: {"N":90,"P":40,"K":45,"ph":6.7,"city":"Balayan"}
  [2025-11-03 06:24:41] Environment PATH: C:\Program Files\Python311\Scripts\;C:\Program Files\Python311\;C:\WINDOWS\system32;C:\WINDOWS;C:\WINDOWS\System32\Wbem;C:\WINDOWS\System32\WindowsPowerShell\v1.0\;C:\WINDOWS\System32\OpenSSH\;C:\Program Files\nodejs\;C:\ProgramData\chocolatey\bin;C:\Program Files\Git\cmd;C:\Users\Admin\AppData\Local\Microsoft\WindowsApps;C:\Users\Admin\AppData\Local\Programs\Microsoft VS Code\bin;C:\Users\Admin\AppData\Local\Programs\cursor\resources\app\bin;C:\Users\Admin\AppData\Local\GitHubDesktop\bin;C:\Users\Admin\AppData\Local\spicetify;C:\Users\Admin\AppData\Roaming\npm;C:\xampp\php;C:\Users\Admin\AppData\Local\Programs\Windsurf\bin;C:\Users\Admin\AppData\Local\Python\bin;C:\Users\Admin\AppData\Roaming\Python\Python311\Scripts
  [2025-11-03 06:24:41] Python executable: C:\xampp\htdocs\Agrilink\backend\api\analytics/venv/Scripts/python.exe
  [2025-11-03 06:24:41] PYTHONPATH: C:\xampp\htdocs\Agrilink\backend\api\analytics/venv/Lib/site-packages
  [2025-11-03 06:24:41] PYTHONHOME: C:\xampp\htdocs\Agrilink\backend\api\analytics/venv
  [2025-11-03 06:24:41] Python stdout: 
  [2025-11-03 06:24:41] Python stderr: Python path configuration:
    PYTHONHOME = 'C:\xampp\htdocs\Agrilink\backend\api\analytics/venv'
    PYTHONPATH = 'C:\xampp\htdocs\Agrilink\backend\api\analytics/venv/Lib/site-packages'
    program name = 'C:\Program Files\Python311\python.exe'
    isolated = 0  
    environment = 1
    user site = 1
    safe_path = 0
    import site = 1
    is in build tree = 0
    stdlib dir = 'C:\xampp\htdocs\Agrilink\backend\api\analytics\venv\Lib'
    sys._base_executable = 'C:\\Program Files\\Python311\\python.exe'
    sys.base_prefix = 'C:\\xampp\\htdocs\\Agrilink\\backend\\api\\analytics/venv'
    sys.base_exec_prefix = 'C:\\xampp\\htdocs\\Agrilink\\backend\\api\\analytics/venv'
    sys.platlibdir = 'DLLs'
    sys.executable = 'C:\\xampp\\htdocs\\Agrilink\\backend\\api\\analytics\\venv\\Scripts\\python.exe'
    sys.prefix = 'C:\\xampp\\htdocs\\Agrilink\\backend\\api\\analytics/venv'
    sys.exec_prefix = 'C:\\xampp\\htdocs\\Agrilink\\backend\\api\\analytics/venv'
    sys.path = [
      'C:\\xampp\\htdocs\\Agrilink\\backend\\api\\analytics\\venv\\Lib\\site-packages',
      'C:\\Program Files\\Python311\\python311.zip',
      'C:\\xampp\\htdocs\\Agrilink\\backend\\api\\analytics\\venv\\DLLs',
      'C:\\xampp\\htdocs\\Agrilink\\backend\\api\\analytics\\venv\\Lib',
      'C:\\xampp\\htdocs\\Agrilink\\backend\\api\\analytics\\venv\\Scripts',
    ]
  Fatal Python error: init_fs_encoding: failed to get the Python codec of the filesystem encoding
  Python runtime state: core initialized
  ModuleNotFoundError: No module named 'encodings'

  Current thread 0x00002d38 (most recent call first):
    <no Python frame>

  [2025-11-03 06:24:41] Python return code: 1
[2025-11-03 06:40:19] Input received: Array
(
    [N] => 90
    [P] => 35
    [K] => 46
    [ph] => 7
    [city] => Balayan
)

[2025-11-03 06:40:19] Payload to Python: {"N":90,"P":35,"K":46,"ph":7,"city":"Balayan"}
[2025-11-03 06:40:19] Shell command: cd "C:\xampp\htdocs\Agrilink\backend\api\analytics" && "C:\xampp\htdocs\Agrilink\backend\api\analytics/venv/Scripts/python.exe" "C:\xampp\htdocs\Agrilink\backend\api\analytics/smart_care_engine.py" 2>&1
[2025-11-03 06:40:19] Shell output: Smart Care Engine started
Raw input: 
{"error": "no input"}

[2025-11-03 06:40:19] Invalid JSON from shell output: Smart Care Engine started
Raw input: 
{"error": "no input"}

[2025-11-03 06:40:34] Input received: Array
(
)

[2025-11-03 06:40:34] Missing parameter: N
[2025-11-03 06:43:41] Input received: Array
(
)

[2025-11-03 06:43:41] Missing parameter: N
[2025-11-03 06:43:46] Input received: Array
(
)

[2025-11-03 06:43:46] Missing parameter: N
[2025-11-03 06:44:48] Input received: Array
(
    [N] => 70
    [P] => 43
    [K] => 34
    [ph] => 5
    [city] => Balayan
)

[2025-11-03 06:44:48] Payload to Python: {"N":70,"P":43,"K":34,"ph":5,"city":"Balayan"}
[2025-11-03 06:44:50] Python stdout: 
[2025-11-03 06:44:50] Python stderr: Traceback (most recent call last):
  File "C:\xampp\htdocs\Agrilink\backend\api\analytics/smart_care_engine.py", line 6, in <module>
    from smart_care_model import CropPredictor
  File "C:\xampp\htdocs\Agrilink\backend\api\analytics\smart_care_model.py", line 5, in <module>
    import joblib
  File "C:\xampp\htdocs\Agrilink\backend\api\analytics\venv\Lib\site-packages\joblib\__init__.py", line 120, in <module>
    from .memory import MemorizedResult, Memory, expires_after, register_store_backend
  File "C:\xampp\htdocs\Agrilink\backend\api\analytics\venv\Lib\site-packages\joblib\memory.py", line 11, in <module>
    import asyncio
  File "C:\Program Files\Python311\Lib\asyncio\__init__.py", line 42, in <module>
    from .windows_events import *
  File "C:\Program Files\Python311\Lib\asyncio\windows_events.py", line 8, in <module>
    import _overlapped
OSError: [WinError 10106] The requested service provider could not be loaded or initialized

[2025-11-03 06:44:50] Python return code: 1
[2025-11-03 06:56:11] Input received: Array
(
    [N] => 34
    [P] => 43
    [K] => 34
    [ph] => 3
    [city] => Balayan
)

[2025-11-03 06:56:11] Payload to Python: {"N":34,"P":43,"K":34,"ph":3,"city":"Balayan"}
[2025-11-03 06:56:11] Shell command: cd /d "C:\xampp\htdocs\Agrilink\backend\api\analytics" && echo "{ N :34, P :43, K :34, ph :3, city : Balayan }" | "C:\xampp\htdocs\Agrilink\backend\api\analytics/venv/Scripts/python.exe" "C:\xampp\htdocs\Agrilink\backend\api\analytics/smart_care_engine.py" 2>&1
[2025-11-03 06:56:16] Shell output: Smart Care Engine started
Raw input: "{ N :34, P :43, K :34, ph :3, city : Balayan }" 

Parsed JSON input: { N :34, P :43, K :34, ph :3, city : Balayan }
Unhandled exception: Traceback (most recent call last):
  File "C:\xampp\htdocs\Agrilink\backend\api\analytics/smart_care_engine.py", line 68, in main
    N = req.get("N")
        ^^^^^^^
AttributeError: 'str' object has no attribute 'get'

{"error": "AttributeError: 'str' object has no attribute 'get'"}

[2025-11-03 06:56:16] Invalid JSON from shell output: Smart Care Engine started
Raw input: "{ N :34, P :43, K :34, ph :3, city : Balayan }" 

Parsed JSON input: { N :34, P :43, K :34, ph :3, city : Balayan }
Unhandled exception: Traceback (most recent call last):
  File "C:\xampp\htdocs\Agrilink\backend\api\analytics/smart_care_engine.py", line 68, in main
    N = req.get("N")
        ^^^^^^^
AttributeError: 'str' object has no attribute 'get'

{"error": "AttributeError: 'str' object has no attribute 'get'"}

  [2025-11-03 06:59:12] Input received: Array
  (
      [N] => 90
      [P] => 40
      [K] => 45
      [ph] => 6.7
      [city] => Balayan
  )

  [2025-11-03 06:59:12] Payload to Python: {"N":90,"P":40,"K":45,"ph":6.7,"city":"Balayan"}
  [2025-11-03 06:59:12] Python stdout: 
  [2025-11-03 06:59:12] Python stderr: Traceback (most recent call last):
    File "C:\xampp\htdocs\Agrilink\backend\api\analytics/smart_care_engine.py", line 6, in <module>
      from smart_care_model import CropPredictor
    File "C:\xampp\htdocs\Agrilink\backend\api\analytics\smart_care_model.py", line 5, in <module>
      import joblib
    File "C:\xampp\htdocs\Agrilink\backend\api\analytics\venv\Lib\site-packages\joblib\__init__.py", line 120, in <module>
      from .memory import MemorizedResult, Memory, expires_after, register_store_backend
    File "C:\xampp\htdocs\Agrilink\backend\api\analytics\venv\Lib\site-packages\joblib\memory.py", line 11, in <module>
      import asyncio
    File "C:\Program Files\Python311\Lib\asyncio\__init__.py", line 42, in <module>
      from .windows_events import *
    File "C:\Program Files\Python311\Lib\asyncio\windows_events.py", line 8, in <module>
      import _overlapped
  OSError: [WinError 10106] The requested service provider could not be loaded or initialized

  [2025-11-03 06:59:12] Python return code: 1
[2025-11-03 07:07:33] Input received: Array
(
    [N] => 90
    [P] => 40
    [K] => 45
    [ph] => 6.5
    [city] => Balayan
)

[2025-11-03 07:07:33] Payload to Python: {"N":90,"P":40,"K":45,"ph":6.5,"city":"Balayan"}
[2025-11-03 07:07:35] Python stdout: {"error": "Initialization error: [WinError 10106] The requested service provider could not be loaded or initialized"}

[2025-11-03 07:07:35] Python stderr: 
[2025-11-03 07:07:35] Python return code: 1
[2025-11-03 07:37:19] Input received: Array
(
    [N] => 45
    [P] => 45
    [K] => 45
    [ph] => 6
    [city] => Balayan
)

[2025-11-03 07:37:19] Payload to Python: {"N":45,"P":45,"K":45,"ph":6,"city":"Balayan"}
[2025-11-03 07:37:19] Failed to start Python process
[2025-11-03 08:02:11] Input received: Array
(
    [N] => 90
    [P] => 40
    [K] => 45
    [ph] => 7
    [city] => Balayan
)

[2025-11-03 08:02:11] Payload to Python: {"N":90,"P":40,"K":45,"ph":7,"city":"Balayan"}
[2025-11-03 08:02:11] Running command: C:\xampp\htdocs\Agrilink\backend\api\analytics/venv/Scripts/python.exe C:\xampp\htdocs\Agrilink\backend\api\analytics/smart_care_engine.py
[2025-11-03 08:02:13] Python stdout: 
[2025-11-03 08:02:13] Python stderr: Traceback (most recent call last):
  File "C:\xampp\htdocs\Agrilink\backend\api\analytics/smart_care_engine.py", line 6, in <module>
    from smart_care_model import CropPredictor
  File "C:\xampp\htdocs\Agrilink\backend\api\analytics\smart_care_model.py", line 5, in <module>
    import joblib
  File "C:\xampp\htdocs\Agrilink\backend\api\analytics\venv\Lib\site-packages\joblib\__init__.py", line 120, in <module>
    from .memory import MemorizedResult, Memory, expires_after, register_store_backend
  File "C:\xampp\htdocs\Agrilink\backend\api\analytics\venv\Lib\site-packages\joblib\memory.py", line 11, in <module>
    import asyncio
  File "C:\Program Files\Python311\Lib\asyncio\__init__.py", line 42, in <module>
    from .windows_events import *
  File "C:\Program Files\Python311\Lib\asyncio\windows_events.py", line 8, in <module>
    import _overlapped
OSError: [WinError 10106] The requested service provider could not be loaded or initialized

[2025-11-03 08:02:13] Python return code: 1
[2025-11-03 08:16:18] Input received: Array
(
    [N] => 54
    [P] => 54
    [K] => 45
    [ph] => 6
    [city] => Balayan
)

[2025-11-03 08:16:18] Payload to Python: {"N":54,"P":54,"K":45,"ph":6,"city":"Balayan"}
[2025-11-03 08:16:18] Running command: C:\xampp\htdocs\Agrilink\backend\api\analytics/venv/Scripts/python.exe C:\xampp\htdocs\Agrilink\backend\api\analytics/smart_care_engine.py
[2025-11-03 08:16:19] Python stdout: 
[2025-11-03 08:16:19] Python stderr: Traceback (most recent call last):
  File "C:\xampp\htdocs\Agrilink\backend\api\analytics/smart_care_engine.py", line 4, in <module>
    import asyncio
  File "C:\Program Files\Python311\Lib\asyncio\__init__.py", line 42, in <module>
    from .windows_events import *
  File "C:\Program Files\Python311\Lib\asyncio\windows_events.py", line 8, in <module>
    import _overlapped
OSError: [WinError 10106] The requested service provider could not be loaded or initialized

[2025-11-03 08:16:19] Python return code: 1
[2025-11-03 08:21:10] Input received: Array
(
    [N] => 43
    [P] => 34
    [K] => 34
    [ph] => 4
    [city] => Balayan
)

[2025-11-03 08:21:10] Payload to Python: {"N":43,"P":34,"K":34,"ph":4,"city":"Balayan"}
[2025-11-03 08:21:10] Running command: C:\xampp\htdocs\Agrilink\backend\api\analytics/venv/Scripts/python.exe C:\xampp\htdocs\Agrilink\backend\api\analytics/smart_care_engine.py
[2025-11-03 08:21:11] Python stdout: 
[2025-11-03 08:21:11] Python stderr: Traceback (most recent call last):
  File "C:\xampp\htdocs\Agrilink\backend\api\analytics/smart_care_engine.py", line 12, in <module>
    import joblib
  File "C:\xampp\htdocs\Agrilink\backend\api\analytics\venv\Lib\site-packages\joblib\__init__.py", line 120, in <module>
    from .memory import MemorizedResult, Memory, expires_after, register_store_backend
  File "C:\xampp\htdocs\Agrilink\backend\api\analytics\venv\Lib\site-packages\joblib\memory.py", line 11, in <module>
    import asyncio
ModuleNotFoundError: import of asyncio halted; None in sys.modules

[2025-11-03 08:21:11] Python return code: 1
[2025-11-03 08:32:00] Input received: Array
(
    [N] => 43
    [P] => 34
    [K] => 34
    [ph] => 3
    [city] => Balayan
) 

[2025-11-03 08:32:00] Payload to Python: {"N":43,"P":34,"K":34,"ph":3,"city":"Balayan"}
[2025-11-03 08:32:00] Running command: C:\xampp\htdocs\Agrilink\backend\api\analytics/venv/Scripts/python.exe C:\xampp\htdocs\Agrilink\backend\api\analytics/smart_care_engine.py
[2025-11-03 08:32:03] Python stdout: 
[2025-11-03 08:32:03] Python stderr: Traceback (most recent call last):
  File "C:\xampp\htdocs\Agrilink\backend\api\analytics/smart_care_engine.py", line 12, in <module>
    import joblib
  File "C:\xampp\htdocs\Agrilink\backend\api\analytics\venv\Lib\site-packages\joblib\__init__.py", line 120, in <module>
    from .memory import MemorizedResult, Memory, expires_after, register_store_backend
  File "C:\xampp\htdocs\Agrilink\backend\api\analytics\venv\Lib\site-packages\joblib\memory.py", line 11, in <module>
    import asyncio
ModuleNotFoundError: import of asyncio halted; None in sys.modules

[2025-11-03 08:32:03] Python return code: 1
[2025-11-03 12:38:03] === New Request ===
[2025-11-03 12:38:03] Command: "C:\Program Files\Python310\python.exe" -u "C:\xampp\htdocs\Agrilink\backend\api\analytics\smart_care_engine.py"
[2025-11-03 12:38:03] Working Dir: C:\xampp\htdocs\Agrilink\backend\api\analytics
[2025-11-03 12:38:03] Payload: {"N":90,"P":40,"K":45,"ph":7,"city":"Balayan"}
[2025-11-03 12:38:03] Exit code: 0
[2025-11-03 12:38:03] STDOUT length: 862
[2025-11-03 12:38:03] STDOUT: {"recommended_crop": "papaya", "probabilities": {"apple": 0.0, "banana": 3.7598253981943146e-29, "blackgram": 7.8999886146034275e-81, "chickpea": 0.0, "coconut": 3.2779444182568754e-17, "coffee": 5.970343305071882e-10, "cotton": 2.39137947561391e-19, "grapes": 0.0, "jute": 1.1314800335529555e-22, "kidneybeans": 3.5324474733830525e-245, "lentil": 8.911484070236679e-46, "maize": 1.2494093715372027e-18, "mango": 7.413699689507473e-220, "mothbeans": 9.457092788638147e-22, "mungbean": 3.3541262699102936e-23, "muskmelon": 2.6467979577877523e-15, "orange": 3.1678819912147746e-118, "papaya": 0.9999695437380555, "pigeonpeas": 1.0588185527043605e-28, "pomegranate": 1.89e-320, "rice": 3.045553239485761e-05, "watermelon": 1.3251288567777419e-10}, "features": {"N": 90.0, "P": 40.0, "K": 45.0, "temperature": 26.91, "humidity": 87.0, "ph": 7.0, "rainfall": 0.13}}

[2025-11-03 12:38:03] STDERR length: 0
[2025-11-03 12:38:03] STDERR: 
[2025-11-03 12:38:03] === End Request ===

[2025-11-03 13:17:39] === New Request ===
[2025-11-03 13:17:39] Command: "C:\Program Files\Python310\python.exe" -u "C:\xampp\htdocs\Agrilink\backend\api\analytics\smart_care_engine.py"
[2025-11-03 13:17:39] Working Dir: C:\xampp\htdocs\Agrilink\backend\api\analytics
[2025-11-03 13:17:39] Payload: {"N":85,"P":40,"K":45,"ph":6,"city":"Balayan"}
[2025-11-03 13:17:39] Exit code: 0
[2025-11-03 13:17:39] STDOUT length: 860
[2025-11-03 13:17:39] STDOUT: {"recommended_crop": "papaya", "probabilities": {"apple": 0.0, "banana": 1.9399059206914104e-25, "blackgram": 3.398698049314811e-84, "chickpea": 0.0, "coconut": 2.946701497440328e-10, "coffee": 7.619990794321758e-10, "cotton": 3.1353968329682453e-19, "grapes": 0.0, "jute": 2.8271367387488615e-21, "kidneybeans": 4.6601569661822824e-244, "lentil": 4.403215251277549e-47, "maize": 9.338569758850312e-17, "mango": 5.996907242777784e-224, "mothbeans": 1.4407542912889732e-19, "mungbean": 8.729001175929742e-22, "muskmelon": 3.303521006663878e-10, "orange": 1.566244775270629e-113, "papaya": 0.9999996756762741, "pigeonpeas": 1.529931730957219e-25, "pomegranate": 9.158604e-318, "rice": 3.1840480729949895e-07, "watermelon": 4.53189628036149e-09}, "features": {"N": 85.0, "P": 40.0, "K": 45.0, "temperature": 26.76, "humidity": 90.0, "ph": 6.0, "rainfall": 0.0}}

[2025-11-03 13:17:39] STDERR length: 0
[2025-11-03 13:17:39] STDERR: 
[2025-11-03 13:17:39] === End Request ===

[2025-11-04 12:39:08] === New Request ===
[2025-11-04 12:39:08] Command: "C:\Program Files\Python310\python.exe" -u "C:\xampp\htdocs\Agrilink\backend\api\analytics\smart_care_engine.py"
[2025-11-04 12:39:08] Working Dir: C:\xampp\htdocs\Agrilink\backend\api\analytics
[2025-11-04 12:39:08] Payload: {"N":80,"P":20,"K":70,"ph":9,"city":"Balayan"}
[2025-11-04 12:39:08] Exit code: 0
[2025-11-04 12:39:08] STDOUT length: 851
[2025-11-04 12:39:08] STDOUT: {"recommended_crop": "watermelon", "probabilities": {"apple": 0.0, "banana": 1.1877386350030614e-38, "blackgram": 3.9534963119992105e-105, "chickpea": 0.0, "coconut": 4.04576281077392e-34, "coffee": 1.7454643935984376e-12, "cotton": 5.3966692784863685e-33, "grapes": 0.0, "jute": 8.926037332772008e-15, "kidneybeans": 0.0, "lentil": 6.480416555919918e-77, "maize": 7.849838863367199e-44, "mango": 2.4058836356467825e-229, "mothbeans": 2.50822860918592e-34, "mungbean": 8.16333402364928e-48, "muskmelon": 2.118157966266834e-16, "orange": 9.091613337099198e-140, "papaya": 4.8486371643254664e-30, "pigeonpeas": 1.75383880677829e-58, "pomegranate": 2.45229229443655e-309, "rice": 0.0020374812692784345, "watermelon": 0.9979625187289622}, "features": {"N": 80.0, "P": 20.0, "K": 70.0, "temperature": 25.21, "humidity": 90.0, "ph": 9.0, "rainfall": 0.0}}

[2025-11-04 12:39:08] STDERR length: 0
[2025-11-04 12:39:08] STDERR: 
[2025-11-04 12:39:08] === End Request ===

[2025-11-05 16:43:16] === New Request ===
[2025-11-05 16:43:16] Command: "C:\Program Files\Python310\python.exe" -u "C:\xampp\htdocs\Agrilink\backend\api\analytics\smart_care_engine.py"
[2025-11-05 16:43:16] Working Dir: C:\xampp\htdocs\Agrilink\backend\api\analytics
[2025-11-05 16:43:16] Payload: {"N":76,"P":56,"K":89,"ph":5,"city":"Balayan"}
[2025-11-05 16:43:16] Exit code: 0
[2025-11-05 16:43:16] STDOUT length: 877
[2025-11-05 16:43:16] STDOUT: {"recommended_crop": "watermelon", "probabilities": {"apple": 1.9609700261620758e-273, "banana": 8.530641692163961e-05, "blackgram": 6.129160532457594e-128, "chickpea": 0.0, "coconut": 3.15531264255042e-46, "coffee": 2.0668886160637695e-34, "cotton": 3.362937639736634e-62, "grapes": 0.0, "jute": 7.793100286238523e-22, "kidneybeans": 1.7099095002996687e-287, "lentil": 3.475811323231828e-112, "maize": 1.6599802098023332e-71, "mango": 1.2579525402418938e-251, "mothbeans": 6.312316204070349e-65, "mungbean": 2.19222868562179e-70, "muskmelon": 1.0205199735248023e-05, "orange": 1.3358210628052073e-192, "papaya": 8.265179938173472e-11, "pigeonpeas": 1.6451831955240026e-95, "pomegranate": 0.0, "rice": 2.6944167663247884e-19, "watermelon": 0.9999044883006908}, "features": {"N": 76.0, "P": 56.0, "K": 89.0, "temperature": 25.63, "humidity": 89.0, "ph": 5.0, "rainfall": 0.0}}

[2025-11-05 16:43:16] STDERR length: 0
[2025-11-05 16:43:16] STDERR: 
[2025-11-05 16:43:16] === End Request ===

[2025-11-05 16:44:21] === New Request ===
[2025-11-05 16:44:21] Command: "C:\Program Files\Python310\python.exe" -u "C:\xampp\htdocs\Agrilink\backend\api\analytics\smart_care_engine.py"
[2025-11-05 16:44:21] Working Dir: C:\xampp\htdocs\Agrilink\backend\api\analytics
[2025-11-05 16:44:21] Payload: {"N":76,"P":56,"K":89,"ph":5,"city":"Balayan"}
[2025-11-05 16:44:21] Exit code: 0
[2025-11-05 16:44:21] STDOUT length: 877
[2025-11-05 16:44:21] STDOUT: {"recommended_crop": "watermelon", "probabilities": {"apple": 1.9609700261620758e-273, "banana": 8.530641692163961e-05, "blackgram": 6.129160532457594e-128, "chickpea": 0.0, "coconut": 3.15531264255042e-46, "coffee": 2.0668886160637695e-34, "cotton": 3.362937639736634e-62, "grapes": 0.0, "jute": 7.793100286238523e-22, "kidneybeans": 1.7099095002996687e-287, "lentil": 3.475811323231828e-112, "maize": 1.6599802098023332e-71, "mango": 1.2579525402418938e-251, "mothbeans": 6.312316204070349e-65, "mungbean": 2.19222868562179e-70, "muskmelon": 1.0205199735248023e-05, "orange": 1.3358210628052073e-192, "papaya": 8.265179938173472e-11, "pigeonpeas": 1.6451831955240026e-95, "pomegranate": 0.0, "rice": 2.6944167663247884e-19, "watermelon": 0.9999044883006908}, "features": {"N": 76.0, "P": 56.0, "K": 89.0, "temperature": 25.63, "humidity": 89.0, "ph": 5.0, "rainfall": 0.0}}

[2025-11-05 16:44:21] STDERR length: 0
[2025-11-05 16:44:21] STDERR: 
[2025-11-05 16:44:21] === End Request ===

[2025-11-05 16:44:37] === New Request ===
[2025-11-05 16:44:37] Command: "C:\Program Files\Python310\python.exe" -u "C:\xampp\htdocs\Agrilink\backend\api\analytics\smart_care_engine.py"
[2025-11-05 16:44:37] Working Dir: C:\xampp\htdocs\Agrilink\backend\api\analytics
[2025-11-05 16:44:37] Payload: {"N":110,"P":100,"K":100,"ph":10,"city":"Balayan"}
[2025-11-05 16:44:37] Exit code: 0
[2025-11-05 16:44:37] STDOUT length: 892
[2025-11-05 16:44:37] STDOUT: {"recommended_crop": "rice", "probabilities": {"apple": 1.9182180022960955e-201, "banana": 0.0002715295731349443, "blackgram": 2.098867208951747e-115, "chickpea": 6.307856191387557e-309, "coconut": 3.9799538297198484e-79, "coffee": 5.736213736025293e-25, "cotton": 5.953467013076519e-45, "grapes": 1.9255621052963367e-272, "jute": 0.027648293376595336, "kidneybeans": 0.0, "lentil": 6.943310339146406e-109, "maize": 3.386906439678031e-74, "mango": 9.014838119760632e-252, "mothbeans": 1.6367464089727572e-57, "mungbean": 3.475776840621074e-79, "muskmelon": 1.76265026276205e-30, "orange": 5.618202640771873e-205, "papaya": 6.1341643322111605e-59, "pigeonpeas": 1.0954396126285097e-96, "pomegranate": 0.0, "rice": 0.9720780031722147, "watermelon": 2.1738780512082098e-06}, "features": {"N": 110.0, "P": 100.0, "K": 100.0, "temperature": 25.63, "humidity": 89.0, "ph": 10.0, "rainfall": 0.0}}

[2025-11-05 16:44:37] STDERR length: 0
[2025-11-05 16:44:37] STDERR: 
[2025-11-05 16:44:37] === End Request ===

[2025-11-08 07:39:32] === New Request ===
[2025-11-08 07:39:32] Command: "C:\Program Files\Python310\python.exe" -u "C:\xampp\htdocs\Agrilink\backend\api\analytics\smart_care_engine.py"
[2025-11-08 07:39:32] Working Dir: C:\xampp\htdocs\Agrilink\backend\api\analytics
[2025-11-08 07:39:32] Payload: {"N":100,"P":100,"K":60,"ph":7,"city":"Balayan"}
[2025-11-08 07:39:32] Exit code: 0
[2025-11-08 07:39:32] STDOUT length: 872
[2025-11-08 07:39:32] STDOUT: {"recommended_crop": "banana", "probabilities": {"apple": 0.0, "banana": 0.9999999868212228, "blackgram": 3.9998670272931e-68, "chickpea": 3.0003209286614124e-258, "coconut": 2.7820174306641996e-42, "coffee": 1.7250414369444207e-16, "cotton": 2.2333521774199656e-31, "grapes": 0.0, "jute": 3.790376386101144e-20, "kidneybeans": 6.742583143478504e-170, "lentil": 4.995439948314938e-40, "maize": 2.7284708029621543e-24, "mango": 8.193570957402882e-204, "mothbeans": 2.557818450122906e-28, "mungbean": 6.317074466828375e-36, "muskmelon": 5.426040660561877e-51, "orange": 4.744704254518271e-186, "papaya": 1.4626775083257522e-19, "pigeonpeas": 1.8473306026179462e-33, "pomegranate": 0.0, "rice": 1.3178770694966909e-08, "watermelon": 6.807088171666698e-23}, "features": {"N": 100.0, "P": 100.0, "K": 60.0, "temperature": 30.72, "humidity": 73.0, "ph": 7.0, "rainfall": 0.0}}

[2025-11-08 07:39:32] STDERR length: 0
[2025-11-08 07:39:32] STDERR: 
[2025-11-08 07:39:32] === End Request ===

[2025-11-10 15:59:14] === New Request ===
[2025-11-10 15:59:14] Command: "C:\Program Files\Python310\python.exe" -u "C:\xampp\htdocs\Agrilink\backend\api\analytics\smart_care_engine.py"
[2025-11-10 15:59:14] Working Dir: C:\xampp\htdocs\Agrilink\backend\api\analytics
[2025-11-10 15:59:14] Payload: {"N":100,"P":50,"K":50,"ph":7,"city":"Balayan"}
[2025-11-10 15:59:14] Exit code: 0
[2025-11-10 15:59:14] STDOUT length: 851
[2025-11-10 15:59:14] STDOUT: {"recommended_crop": "papaya", "probabilities": {"apple": 0.0, "banana": 4.060502656180553e-26, "blackgram": 3.7298008162443757e-87, "chickpea": 0.0, "coconut": 8.059538935620977e-26, "coffee": 7.1026043478783e-15, "cotton": 1.8752313097640174e-24, "grapes": 0.0, "jute": 1.1751073196289261e-24, "kidneybeans": 4.2985592336049e-253, "lentil": 2.9904694597950985e-54, "maize": 6.893702225998004e-26, "mango": 3.395709822908997e-228, "mothbeans": 1.5150226276414436e-30, "mungbean": 2.738194906339529e-32, "muskmelon": 9.195227990263141e-18, "orange": 2.3835313934219764e-132, "papaya": 0.9999998887077899, "pigeonpeas": 1.4534065996080143e-37, "pomegranate": 0.0, "rice": 1.1128918647585563e-07, "watermelon": 3.0173345781998216e-12}, "features": {"N": 100.0, "P": 50.0, "K": 50.0, "temperature": 26.51, "humidity": 87.0, "ph": 7.0, "rainfall": 0.0}}

[2025-11-10 15:59:14] STDERR length: 0
[2025-11-10 15:59:14] STDERR: 
[2025-11-10 15:59:14] === End Request ===

[2025-11-10 15:59:40] === New Request ===
[2025-11-10 15:59:40] Command: "C:\Program Files\Python310\python.exe" -u "C:\xampp\htdocs\Agrilink\backend\api\analytics\smart_care_engine.py"
[2025-11-10 15:59:40] Working Dir: C:\xampp\htdocs\Agrilink\backend\api\analytics
[2025-11-10 15:59:40] Payload: {"N":200,"P":100,"K":100,"ph":9,"city":"Balayan"}
[2025-11-10 15:59:40] Exit code: 0
[2025-11-10 15:59:40] STDOUT length: 880
[2025-11-10 15:59:40] STDOUT: {"recommended_crop": "banana", "probabilities": {"apple": 1.2846370514913395e-224, "banana": 0.9999366265480667, "blackgram": 6.480343487821297e-138, "chickpea": 1e-323, "coconut": 2.723582698593015e-103, "coffee": 3.880756770647707e-34, "cotton": 2.543946500765452e-55, "grapes": 6.530076562854077e-285, "jute": 3.218205749232423e-22, "kidneybeans": 0.0, "lentil": 1.5595949348749953e-139, "maize": 1.0473773955437269e-88, "mango": 2.3974927406499715e-279, "mothbeans": 1.2788978805603822e-97, "mungbean": 1.896710076424082e-104, "muskmelon": 2.178065624717863e-21, "orange": 2.595216700532317e-244, "papaya": 2.6517491368953387e-36, "pigeonpeas": 2.83075618877084e-134, "pomegranate": 0.0, "rice": 1.600655138271122e-18, "watermelon": 6.337345194693217e-05}, "features": {"N": 200.0, "P": 100.0, "K": 100.0, "temperature": 26.51, "humidity": 87.0, "ph": 9.0, "rainfall": 0.0}}

[2025-11-10 15:59:40] STDERR length: 0
[2025-11-10 15:59:40] STDERR: 
[2025-11-10 15:59:40] === End Request ===

[2025-11-10 16:00:02] === New Request ===
[2025-11-10 16:00:02] Command: "C:\Program Files\Python310\python.exe" -u "C:\xampp\htdocs\Agrilink\backend\api\analytics\smart_care_engine.py"
[2025-11-10 16:00:02] Working Dir: C:\xampp\htdocs\Agrilink\backend\api\analytics
[2025-11-10 16:00:02] Payload: {"N":40,"P":50,"K":50,"ph":4,"city":"Balayan"}
[2025-11-10 16:00:02] Exit code: 0
[2025-11-10 16:00:02] STDOUT length: 861
[2025-11-10 16:00:02] STDOUT: {"recommended_crop": "rice", "probabilities": {"apple": 0.0, "banana": 1.6311328362346216e-30, "blackgram": 1.1443289396333079e-86, "chickpea": 0.0, "coconut": 8.691246045197067e-13, "coffee": 6.956948804506141e-19, "cotton": 2.731355980142806e-27, "grapes": 0.0, "jute": 7.134349744719403e-24, "kidneybeans": 2.3108944910505586e-247, "lentil": 8.437902187706189e-41, "maize": 2.893975549481141e-22, "mango": 1.4346608341739794e-209, "mothbeans": 9.250605836221266e-11, "mungbean": 2.162828920036256e-30, "muskmelon": 5.332222833942508e-34, "orange": 9.509137248619472e-118, "papaya": 1.889217633180896e-63, "pigeonpeas": 5.653745279137633e-18, "pomegranate": 6.682452253e-313, "rice": 0.9999999999066205, "watermelon": 2.7643456535870306e-23}, "features": {"N": 40.0, "P": 50.0, "K": 50.0, "temperature": 26.51, "humidity": 87.0, "ph": 4.0, "rainfall": 0.0}}

[2025-11-10 16:00:02] STDERR length: 0
[2025-11-10 16:00:02] STDERR: 
[2025-11-10 16:00:02] === End Request ===

[2025-11-13 16:04:36] === New Request ===
[2025-11-13 16:04:36] Command: "C:\Program Files\Python310\python.exe" -u "C:\xampp\htdocs\Agrilink\backend\api\analytics\smart_care_engine.py"
[2025-11-13 16:04:36] Working Dir: C:\xampp\htdocs\Agrilink\backend\api\analytics
[2025-11-13 16:04:36] Payload: {"N":100,"P":80,"K":87,"ph":9,"city":"Balayan"}
[2025-11-13 16:04:36] Exit code: 0
[2025-11-13 16:04:36] STDOUT length: 857
[2025-11-13 16:04:36] STDOUT: {"recommended_crop": "watermelon", "probabilities": {"apple": 3.9129637825854085e-285, "banana": 1.104998775389542e-06, "blackgram": 2.032318817855644e-108, "chickpea": 0.0, "coconut": 9.096349987488065e-55, "coffee": 3.440908171346003e-21, "cotton": 1.2582702245195786e-41, "grapes": 0.0, "jute": 1.401202351888735e-07, "kidneybeans": 0.0, "lentil": 2.371806424701957e-94, "maize": 3.017167451422747e-59, "mango": 4.839604360960881e-249, "mothbeans": 2.7509116587735893e-50, "mungbean": 1.2568342527302258e-60, "muskmelon": 5.801996779494532e-14, "orange": 2.815179763847744e-180, "papaya": 4.73211141196917e-14, "pigeonpeas": 8.17713235741871e-78, "pomegranate": 1e-323, "rice": 1.1229455549815854e-05, "watermelon": 0.9999875254253434}, "features": {"N": 100.0, "P": 80.0, "K": 87.0, "temperature": 25.98, "humidity": 91.0, "ph": 9.0, "rainfall": 0.0}}

[2025-11-13 16:04:36] STDERR length: 0
[2025-11-13 16:04:36] STDERR: 
[2025-11-13 16:04:36] === End Request ===

[2025-11-15 16:22:28] === New Request ===
[2025-11-15 16:22:28] Command: "C:\Program Files\Python310\python.exe" -u "C:\xampp\htdocs\Agrilink\backend\api\analytics\smart_care_engine.py"
[2025-11-15 16:22:28] Working Dir: C:\xampp\htdocs\Agrilink\backend\api\analytics
[2025-11-15 16:22:28] Payload: {"N":200,"P":79,"K":67,"ph":8,"city":"Balayan"}
[2025-11-15 16:22:28] Exit code: 0
[2025-11-15 16:22:28] STDOUT length: 842
[2025-11-15 16:22:28] STDOUT: {"recommended_crop": "rice", "probabilities": {"apple": 0.0, "banana": 2.343381103375174e-07, "blackgram": 2.659447328178985e-100, "chickpea": 0.0, "coconut": 1.309995693885696e-61, "coffee": 8.032248500924015e-12, "cotton": 9.487381029123599e-21, "grapes": 0.0, "jute": 1.9097298539398625e-20, "kidneybeans": 1.1083345878e-313, "lentil": 2.3680056118990647e-79, "maize": 4.192915439658646e-39, "mango": 2.6670785919772428e-245, "mothbeans": 4.423989356344219e-59, "mungbean": 1.288096561518133e-63, "muskmelon": 1.8879388735054974e-15, "orange": 9.181020937931702e-181, "papaya": 1.5842543533891091e-12, "pigeonpeas": 3.44188176575092e-70, "pomegranate": 0.0, "rice": 0.8671170976885819, "watermelon": 0.13288266796368853}, "features": {"N": 200.0, "P": 79.0, "K": 67.0, "temperature": 26.18, "humidity": 85.0, "ph": 8.0, "rainfall": 0.0}}

[2025-11-15 16:22:28] STDERR length: 0
[2025-11-15 16:22:28] STDERR: 
[2025-11-15 16:22:28] === End Request ===

[2025-11-17 08:49:52] === New Request ===
[2025-11-17 08:49:52] Command: "C:\Program Files\Python310\python.exe" -u "C:\xampp\htdocs\Agrilink\backend\api\analytics\smart_care_engine.py"
[2025-11-17 08:49:52] Working Dir: C:\xampp\htdocs\Agrilink\backend\api\analytics
[2025-11-17 08:49:52] Payload: {"N":56,"P":56,"K":78,"ph":7,"city":"Balayan"}
[2025-11-17 08:49:52] Exit code: 0
[2025-11-17 08:49:52] STDOUT length: 875
[2025-11-17 08:49:52] STDOUT: {"recommended_crop": "watermelon", "probabilities": {"apple": 0.0, "banana": 0.04499839426313779, "blackgram": 4.139108070432655e-81, "chickpea": 9.99111026841196e-216, "coconut": 8.510826170616452e-38, "coffee": 6.885488962851982e-14, "cotton": 2.2971163596390854e-47, "grapes": 0.0, "jute": 8.657849761272485e-13, "kidneybeans": 1.0614289607740735e-176, "lentil": 3.920235807392012e-62, "maize": 4.020487116908659e-42, "mango": 5.47342867913029e-196, "mothbeans": 1.7338061111707708e-33, "mungbean": 5.383453122655171e-41, "muskmelon": 4.65051414390568e-33, "orange": 9.84127168047932e-198, "papaya": 2.4620009115770712e-11, "pigeonpeas": 1.5807053484389924e-57, "pomegranate": 5.563e-321, "rice": 5.3320119191293165e-12, "watermelon": 0.9550016057059839}, "features": {"N": 56.0, "P": 56.0, "K": 78.0, "temperature": 30.35, "humidity": 72.0, "ph": 7.0, "rainfall": 0.0}}

[2025-11-17 08:49:52] STDERR length: 0
[2025-11-17 08:49:52] STDERR: 
[2025-11-17 08:49:52] === End Request ===

